Component: ARM Compiler 5.06 update 3 (build 300) Tool: armlink [4d35c9]

==============================================================================

Section Cross References

    main.o(i.init) refers to ultrasonic.o(i.Ultrasonic_Init) for Ultrasonic_Init
    main.o(i.init) refers to ultrasonic.o(i.Ultrasonic_Trigger_Timer_Init) for Ultrasonic_Trigger_Timer_Init
    main.o(i.init) refers to timer.o(i.Ultrasonic_Capture_Timer_Init) for Ultrasonic_Capture_Timer_Init
    main.o(i.init) refers to gpio.o(i.LED1_Init) for LED1_Init
    main.o(i.init) refers to gpio.o(i.LED2_Init) for LED2_Init
    main.o(i.init) refers to gpio.o(i.LED3_Init) for LED3_Init
    main.o(i.init) refers to gpio.o(i.LED4_Init) for LED4_Init
    main.o(i.init) refers to gpio.o(i.LED1_Off) for LED1_Off
    main.o(i.init) refers to gpio.o(i.LED2_Off) for LED2_Off
    main.o(i.init) refers to gpio.o(i.LED3_Off) for LED3_Off
    main.o(i.init) refers to gpio.o(i.LED4_Off) for LED4_Off
    main.o(i.init) refers to ultrasonic.o(i.Ultrasonic_Start_Trigger_Timer) for Ultrasonic_Start_Trigger_Timer
    main.o(i.main) refers to main.o(i.init) for init
    main.o(i.main) refers to main.o(i.update) for update
    main.o(i.main) refers to ultrasonic.o(.data) for ultrasonicSensorNewDataAvailable
    ultrasonic.o(i.TIMER2_IRQHandler) refers to ultrasonic.o(.data) for ultrasonicSensorTriggerStart
    timer.o(i.TIMER3_IRQHandler) refers to ultrasonic.o(.data) for ultrasonicSensorCaptureRisingEdge
    startup_lpc407x_8x_177x_8x.o(RESET) refers to startup_lpc407x_8x_177x_8x.o(STACK) for __initial_sp
    startup_lpc407x_8x_177x_8x.o(RESET) refers to startup_lpc407x_8x_177x_8x.o(.text) for Reset_Handler
    startup_lpc407x_8x_177x_8x.o(RESET) refers to ultrasonic.o(i.TIMER2_IRQHandler) for TIMER2_IRQHandler
    startup_lpc407x_8x_177x_8x.o(RESET) refers to timer.o(i.TIMER3_IRQHandler) for TIMER3_IRQHandler
    startup_lpc407x_8x_177x_8x.o(.text) refers to system_lpc407x_8x_177x_8x.o(i.SystemInit) for SystemInit
    startup_lpc407x_8x_177x_8x.o(.text) refers to entry.o(.ARM.Collect$$$$00000000) for __main
    system_lpc407x_8x_177x_8x.o(i.SystemCoreClockUpdate) refers to system_lpc407x_8x_177x_8x.o(.data) for SystemCoreClock
    system_lpc407x_8x_177x_8x.o(i.SystemInit) refers to system_lpc407x_8x_177x_8x.o(i.fpu_init) for fpu_init
    system_lpc407x_8x_177x_8x.o(i.SystemInit) refers to system_lpc407x_8x_177x_8x.o(i.SystemCoreClockUpdate) for SystemCoreClockUpdate
    entry.o(.ARM.Collect$$$$00000000) refers (Special) to entry10a.o(.ARM.Collect$$$$0000000D) for __rt_final_cpp
    entry.o(.ARM.Collect$$$$00000000) refers (Special) to entry11a.o(.ARM.Collect$$$$0000000F) for __rt_final_exit
    entry.o(.ARM.Collect$$$$00000000) refers (Special) to entry7b.o(.ARM.Collect$$$$00000008) for _main_clock
    entry.o(.ARM.Collect$$$$00000000) refers (Special) to entry8b.o(.ARM.Collect$$$$0000000A) for _main_cpp_init
    entry.o(.ARM.Collect$$$$00000000) refers (Special) to entry9a.o(.ARM.Collect$$$$0000000B) for _main_init
    entry.o(.ARM.Collect$$$$00000000) refers (Special) to entry5.o(.ARM.Collect$$$$00000004) for _main_scatterload
    entry.o(.ARM.Collect$$$$00000000) refers (Special) to entry2.o(.ARM.Collect$$$$00000001) for _main_stk
    entry2.o(.ARM.Collect$$$$00000001) refers to entry2.o(.ARM.Collect$$$$00002712) for __lit__00000000
    entry2.o(.ARM.Collect$$$$00002712) refers to startup_lpc407x_8x_177x_8x.o(STACK) for __initial_sp
    entry2.o(__vectab_stack_and_reset_area) refers to startup_lpc407x_8x_177x_8x.o(STACK) for __initial_sp
    entry2.o(__vectab_stack_and_reset_area) refers to entry.o(.ARM.Collect$$$$00000000) for __main
    entry5.o(.ARM.Collect$$$$00000004) refers to init.o(.text) for __scatterload
    entry9a.o(.ARM.Collect$$$$0000000B) refers to main.o(i.main) for main
    entry9b.o(.ARM.Collect$$$$0000000C) refers to main.o(i.main) for main
    init.o(.text) refers to entry5.o(.ARM.Collect$$$$00000004) for __main_after_scatterload


==============================================================================

Removing Unused input sections from the image.

    Removing main.o(.rev16_text), (4 bytes).
    Removing main.o(.revsh_text), (4 bytes).
    Removing main.o(.rrx_text), (6 bytes).
    Removing gpio.o(.rev16_text), (4 bytes).
    Removing gpio.o(.revsh_text), (4 bytes).
    Removing gpio.o(.rrx_text), (6 bytes).
    Removing gpio.o(i.GPIO_DIR_Write), (18 bytes).
    Removing gpio.o(i.GPIO_PIN_Write), (18 bytes).
    Removing gpio.o(i.LED1_On), (2 bytes).
    Removing gpio.o(i.LED2_On), (2 bytes).
    Removing gpio.o(i.LED3_On), (2 bytes).
    Removing gpio.o(i.LED4_On), (2 bytes).
    Removing wait.o(.rev16_text), (4 bytes).
    Removing wait.o(.revsh_text), (4 bytes).
    Removing wait.o(.rrx_text), (6 bytes).
    Removing wait.o(i.wait), (20 bytes).
    Removing wait.o(i.waitMicroseconds), (18 bytes).
    Removing ultrasonic.o(.rev16_text), (4 bytes).
    Removing ultrasonic.o(.revsh_text), (4 bytes).
    Removing ultrasonic.o(.rrx_text), (6 bytes).
    Removing timer.o(.rev16_text), (4 bytes).
    Removing timer.o(.revsh_text), (4 bytes).
    Removing timer.o(.rrx_text), (6 bytes).
    Removing startup_lpc407x_8x_177x_8x.o(HEAP), (0 bytes).
    Removing system_lpc407x_8x_177x_8x.o(.rev16_text), (4 bytes).
    Removing system_lpc407x_8x_177x_8x.o(.revsh_text), (4 bytes).
    Removing system_lpc407x_8x_177x_8x.o(.rrx_text), (6 bytes).

27 unused section(s) (total 166 bytes) removed from the image.

==============================================================================

Image Symbol Table

    Local Symbols

    Symbol Name                              Value     Ov Type        Size  Object(Section)

    RESET                                    0x00000000   Section      228  startup_lpc407x_8x_177x_8x.o(RESET)
    ../clib/microlib/init/entry.s            0x00000000   Number         0  entry9a.o ABSOLUTE
    ../clib/microlib/init/entry.s            0x00000000   Number         0  entry8b.o ABSOLUTE
    ../clib/microlib/init/entry.s            0x00000000   Number         0  entry2.o ABSOLUTE
    ../clib/microlib/init/entry.s            0x00000000   Number         0  entry11a.o ABSOLUTE
    ../clib/microlib/init/entry.s            0x00000000   Number         0  entry8a.o ABSOLUTE
    ../clib/microlib/init/entry.s            0x00000000   Number         0  entry7b.o ABSOLUTE
    ../clib/microlib/init/entry.s            0x00000000   Number         0  entry7a.o ABSOLUTE
    ../clib/microlib/init/entry.s            0x00000000   Number         0  entry5.o ABSOLUTE
    ../clib/microlib/init/entry.s            0x00000000   Number         0  entry.o ABSOLUTE
    ../clib/microlib/init/entry.s            0x00000000   Number         0  entry11b.o ABSOLUTE
    ../clib/microlib/init/entry.s            0x00000000   Number         0  entry10b.o ABSOLUTE
    ../clib/microlib/init/entry.s            0x00000000   Number         0  entry10a.o ABSOLUTE
    ../clib/microlib/init/entry.s            0x00000000   Number         0  entry9b.o ABSOLUTE
    Library\GPIO.c                           0x00000000   Number         0  gpio.o ABSOLUTE
    Library\Timer.c                          0x00000000   Number         0  timer.o ABSOLUTE
    Library\Ultrasonic.c                     0x00000000   Number         0  ultrasonic.o ABSOLUTE
    Library\Wait.c                           0x00000000   Number         0  wait.o ABSOLUTE
    Library\\GPIO.c                          0x00000000   Number         0  gpio.o ABSOLUTE
    Library\\Timer.c                         0x00000000   Number         0  timer.o ABSOLUTE
    Library\\Ultrasonic.c                    0x00000000   Number         0  ultrasonic.o ABSOLUTE
    Library\\Wait.c                          0x00000000   Number         0  wait.o ABSOLUTE
    RTE\Device\LPC4088FET208\startup_LPC407x_8x_177x_8x.s 0x00000000   Number         0  startup_lpc407x_8x_177x_8x.o ABSOLUTE
    RTE\Device\LPC4088FET208\system_LPC407x_8x_177x_8x.c 0x00000000   Number         0  system_lpc407x_8x_177x_8x.o ABSOLUTE
    RTE\\Device\\LPC4088FET208\\system_LPC407x_8x_177x_8x.c 0x00000000   Number         0  system_lpc407x_8x_177x_8x.o ABSOLUTE
    dc.s                                     0x00000000   Number         0  dc.o ABSOLUTE
    handlers.s                               0x00000000   Number         0  handlers.o ABSOLUTE
    init.s                                   0x00000000   Number         0  init.o ABSOLUTE
    main.c                                   0x00000000   Number         0  main.o ABSOLUTE
    main.c                                   0x00000000   Number         0  main.o ABSOLUTE
    .ARM.Collect$$$$00000000                 0x000000e4   Section        0  entry.o(.ARM.Collect$$$$00000000)
    .ARM.Collect$$$$00000001                 0x000000e4   Section        4  entry2.o(.ARM.Collect$$$$00000001)
    .ARM.Collect$$$$00000004                 0x000000e8   Section        4  entry5.o(.ARM.Collect$$$$00000004)
    .ARM.Collect$$$$00000008                 0x000000ec   Section        0  entry7b.o(.ARM.Collect$$$$00000008)
    .ARM.Collect$$$$0000000A                 0x000000ec   Section        0  entry8b.o(.ARM.Collect$$$$0000000A)
    .ARM.Collect$$$$0000000B                 0x000000ec   Section        8  entry9a.o(.ARM.Collect$$$$0000000B)
    .ARM.Collect$$$$0000000D                 0x000000f4   Section        0  entry10a.o(.ARM.Collect$$$$0000000D)
    .ARM.Collect$$$$0000000F                 0x000000f4   Section        0  entry11a.o(.ARM.Collect$$$$0000000F)
    .ARM.Collect$$$$00002712                 0x000000f4   Section        4  entry2.o(.ARM.Collect$$$$00002712)
    __lit__00000000                          0x000000f4   Data           4  entry2.o(.ARM.Collect$$$$00002712)
    .text                                    0x000000f8   Section       36  startup_lpc407x_8x_177x_8x.o(.text)
    $v0                                      0x000000f8   Number         0  startup_lpc407x_8x_177x_8x.o(.text)
    .text                                    0x0000011c   Section       36  init.o(.text)
    i.LED1_Init                              0x00000140   Section        0  gpio.o(i.LED1_Init)
    i.LED1_Off                               0x00000142   Section        0  gpio.o(i.LED1_Off)
    i.LED2_Init                              0x00000144   Section        0  gpio.o(i.LED2_Init)
    i.LED2_Off                               0x00000146   Section        0  gpio.o(i.LED2_Off)
    i.LED3_Init                              0x00000148   Section        0  gpio.o(i.LED3_Init)
    i.LED3_Off                               0x0000014a   Section        0  gpio.o(i.LED3_Off)
    i.LED4_Init                              0x0000014c   Section        0  gpio.o(i.LED4_Init)
    i.LED4_Off                               0x0000014e   Section        0  gpio.o(i.LED4_Off)
    i.SystemInit                             0x00000150   Section        0  system_lpc407x_8x_177x_8x.o(i.SystemInit)
    i.TIMER2_IRQHandler                      0x0000023c   Section        0  ultrasonic.o(i.TIMER2_IRQHandler)
    i.TIMER3_IRQHandler                      0x00000270   Section        0  timer.o(i.TIMER3_IRQHandler)
    i.Ultrasonic_Start_Trigger_Timer         0x000002bc   Section        0  ultrasonic.o(i.Ultrasonic_Start_Trigger_Timer)
    i.__scatterload_copy                     0x000002be   Section       14  handlers.o(i.__scatterload_copy)
    i.__scatterload_null                     0x000002cc   Section        2  handlers.o(i.__scatterload_null)
    i.__scatterload_zeroinit                 0x000002ce   Section       14  handlers.o(i.__scatterload_zeroinit)
    i.main                                   0x000002dc   Section        0  main.o(i.main)
    .ARM.__at_0x02FC                         0x000002fc   Section        4  startup_lpc407x_8x_177x_8x.o(.ARM.__at_0x02FC)
    i.SystemCoreClockUpdate                  0x00000300   Section        0  system_lpc407x_8x_177x_8x.o(i.SystemCoreClockUpdate)
    i.Ultrasonic_Capture_Timer_Init          0x000005d4   Section        0  timer.o(i.Ultrasonic_Capture_Timer_Init)
    i.Ultrasonic_Init                        0x00000638   Section        0  ultrasonic.o(i.Ultrasonic_Init)
    i.Ultrasonic_Trigger_Timer_Init          0x0000067c   Section        0  ultrasonic.o(i.Ultrasonic_Trigger_Timer_Init)
    i.fpu_init                               0x000006c8   Section        0  system_lpc407x_8x_177x_8x.o(i.fpu_init)
    i.init                                   0x00000718   Section        0  main.o(i.init)
    i.update                                 0x0000074c   Section        0  main.o(i.update)
    .data                                    0x10000000   Section       11  ultrasonic.o(.data)
    .data                                    0x1000000c   Section       16  system_lpc407x_8x_177x_8x.o(.data)
    STACK                                    0x10000020   Section     1024  startup_lpc407x_8x_177x_8x.o(STACK)

    Global Symbols

    Symbol Name                              Value     Ov Type        Size  Object(Section)

    BuildAttributes$$THM_ISAv4$E$P$D$K$B$S$7EM$VFPi3$EXTD16$VFPS$VFMA$PE$A:L22UL41UL21$X:L11$S22US41US21$IEEE1$IW$USESV6$~STKCKD$USESV7$~SHL$OSPACE$EBA8$MICROLIB$REQ8$PRES8$EABIv2 0x00000000   Number         0  anon$$obj.o ABSOLUTE
    __ARM_use_no_argv                        0x00000000   Number         0  main.o ABSOLUTE
    __Vectors                                0x00000000   Data           4  startup_lpc407x_8x_177x_8x.o(RESET)
    __cpp_initialize__aeabi_                  - Undefined Weak Reference
    __cxa_finalize                            - Undefined Weak Reference
    __decompress                              - Undefined Weak Reference
    _clock_init                               - Undefined Weak Reference
    _microlib_exit                            - Undefined Weak Reference
    __main                                   0x000000e5   Thumb Code     0  entry.o(.ARM.Collect$$$$00000000)
    _main_stk                                0x000000e5   Thumb Code     0  entry2.o(.ARM.Collect$$$$00000001)
    _main_scatterload                        0x000000e9   Thumb Code     0  entry5.o(.ARM.Collect$$$$00000004)
    __main_after_scatterload                 0x000000ed   Thumb Code     0  entry5.o(.ARM.Collect$$$$00000004)
    _main_clock                              0x000000ed   Thumb Code     0  entry7b.o(.ARM.Collect$$$$00000008)
    _main_cpp_init                           0x000000ed   Thumb Code     0  entry8b.o(.ARM.Collect$$$$0000000A)
    _main_init                               0x000000ed   Thumb Code     0  entry9a.o(.ARM.Collect$$$$0000000B)
    __rt_final_cpp                           0x000000f5   Thumb Code     0  entry10a.o(.ARM.Collect$$$$0000000D)
    __rt_final_exit                          0x000000f5   Thumb Code     0  entry11a.o(.ARM.Collect$$$$0000000F)
    Reset_Handler                            0x000000f9   Thumb Code     8  startup_lpc407x_8x_177x_8x.o(.text)
    NMI_Handler                              0x00000101   Thumb Code     2  startup_lpc407x_8x_177x_8x.o(.text)
    HardFault_Handler                        0x00000103   Thumb Code     2  startup_lpc407x_8x_177x_8x.o(.text)
    MemManage_Handler                        0x00000105   Thumb Code     2  startup_lpc407x_8x_177x_8x.o(.text)
    BusFault_Handler                         0x00000107   Thumb Code     2  startup_lpc407x_8x_177x_8x.o(.text)
    UsageFault_Handler                       0x00000109   Thumb Code     2  startup_lpc407x_8x_177x_8x.o(.text)
    SVC_Handler                              0x0000010b   Thumb Code     2  startup_lpc407x_8x_177x_8x.o(.text)
    DebugMon_Handler                         0x0000010d   Thumb Code     2  startup_lpc407x_8x_177x_8x.o(.text)
    PendSV_Handler                           0x0000010f   Thumb Code     2  startup_lpc407x_8x_177x_8x.o(.text)
    SysTick_Handler                          0x00000111   Thumb Code     2  startup_lpc407x_8x_177x_8x.o(.text)
    ADC_IRQHandler                           0x00000113   Thumb Code     0  startup_lpc407x_8x_177x_8x.o(.text)
    BOD_IRQHandler                           0x00000113   Thumb Code     0  startup_lpc407x_8x_177x_8x.o(.text)
    CANActivity_IRQHandler                   0x00000113   Thumb Code     0  startup_lpc407x_8x_177x_8x.o(.text)
    CAN_IRQHandler                           0x00000113   Thumb Code     0  startup_lpc407x_8x_177x_8x.o(.text)
    DMA_IRQHandler                           0x00000113   Thumb Code     0  startup_lpc407x_8x_177x_8x.o(.text)
    EEPROM_IRQHandler                        0x00000113   Thumb Code     0  startup_lpc407x_8x_177x_8x.o(.text)
    EINT0_IRQHandler                         0x00000113   Thumb Code     0  startup_lpc407x_8x_177x_8x.o(.text)
    EINT1_IRQHandler                         0x00000113   Thumb Code     0  startup_lpc407x_8x_177x_8x.o(.text)
    EINT2_IRQHandler                         0x00000113   Thumb Code     0  startup_lpc407x_8x_177x_8x.o(.text)
    EINT3_IRQHandler                         0x00000113   Thumb Code     0  startup_lpc407x_8x_177x_8x.o(.text)
    ENET_IRQHandler                          0x00000113   Thumb Code     0  startup_lpc407x_8x_177x_8x.o(.text)
    GPIO_IRQHandler                          0x00000113   Thumb Code     0  startup_lpc407x_8x_177x_8x.o(.text)
    I2C0_IRQHandler                          0x00000113   Thumb Code     0  startup_lpc407x_8x_177x_8x.o(.text)
    I2C1_IRQHandler                          0x00000113   Thumb Code     0  startup_lpc407x_8x_177x_8x.o(.text)
    I2C2_IRQHandler                          0x00000113   Thumb Code     0  startup_lpc407x_8x_177x_8x.o(.text)
    I2S_IRQHandler                           0x00000113   Thumb Code     0  startup_lpc407x_8x_177x_8x.o(.text)
    LCD_IRQHandler                           0x00000113   Thumb Code     0  startup_lpc407x_8x_177x_8x.o(.text)
    MCI_IRQHandler                           0x00000113   Thumb Code     0  startup_lpc407x_8x_177x_8x.o(.text)
    MCPWM_IRQHandler                         0x00000113   Thumb Code     0  startup_lpc407x_8x_177x_8x.o(.text)
    PLL0_IRQHandler                          0x00000113   Thumb Code     0  startup_lpc407x_8x_177x_8x.o(.text)
    PLL1_IRQHandler                          0x00000113   Thumb Code     0  startup_lpc407x_8x_177x_8x.o(.text)
    PWM0_IRQHandler                          0x00000113   Thumb Code     0  startup_lpc407x_8x_177x_8x.o(.text)
    PWM1_IRQHandler                          0x00000113   Thumb Code     0  startup_lpc407x_8x_177x_8x.o(.text)
    QEI_IRQHandler                           0x00000113   Thumb Code     0  startup_lpc407x_8x_177x_8x.o(.text)
    RTC_IRQHandler                           0x00000113   Thumb Code     0  startup_lpc407x_8x_177x_8x.o(.text)
    SSP0_IRQHandler                          0x00000113   Thumb Code     0  startup_lpc407x_8x_177x_8x.o(.text)
    SSP1_IRQHandler                          0x00000113   Thumb Code     0  startup_lpc407x_8x_177x_8x.o(.text)
    SSP2_IRQHandler                          0x00000113   Thumb Code     0  startup_lpc407x_8x_177x_8x.o(.text)
    TIMER0_IRQHandler                        0x00000113   Thumb Code     0  startup_lpc407x_8x_177x_8x.o(.text)
    TIMER1_IRQHandler                        0x00000113   Thumb Code     0  startup_lpc407x_8x_177x_8x.o(.text)
    UART0_IRQHandler                         0x00000113   Thumb Code     0  startup_lpc407x_8x_177x_8x.o(.text)
    UART1_IRQHandler                         0x00000113   Thumb Code     0  startup_lpc407x_8x_177x_8x.o(.text)
    UART2_IRQHandler                         0x00000113   Thumb Code     0  startup_lpc407x_8x_177x_8x.o(.text)
    UART3_IRQHandler                         0x00000113   Thumb Code     0  startup_lpc407x_8x_177x_8x.o(.text)
    UART4_IRQHandler                         0x00000113   Thumb Code     0  startup_lpc407x_8x_177x_8x.o(.text)
    USBActivity_IRQHandler                   0x00000113   Thumb Code     0  startup_lpc407x_8x_177x_8x.o(.text)
    USB_IRQHandler                           0x00000113   Thumb Code     0  startup_lpc407x_8x_177x_8x.o(.text)
    WDT_IRQHandler                           0x00000113   Thumb Code     0  startup_lpc407x_8x_177x_8x.o(.text)
    __scatterload                            0x0000011d   Thumb Code    28  init.o(.text)
    __scatterload_rt2                        0x0000011d   Thumb Code     0  init.o(.text)
    LED1_Init                                0x00000141   Thumb Code     2  gpio.o(i.LED1_Init)
    LED1_Off                                 0x00000143   Thumb Code     2  gpio.o(i.LED1_Off)
    LED2_Init                                0x00000145   Thumb Code     2  gpio.o(i.LED2_Init)
    LED2_Off                                 0x00000147   Thumb Code     2  gpio.o(i.LED2_Off)
    LED3_Init                                0x00000149   Thumb Code     2  gpio.o(i.LED3_Init)
    LED3_Off                                 0x0000014b   Thumb Code     2  gpio.o(i.LED3_Off)
    LED4_Init                                0x0000014d   Thumb Code     2  gpio.o(i.LED4_Init)
    LED4_Off                                 0x0000014f   Thumb Code     2  gpio.o(i.LED4_Off)
    SystemInit                               0x00000151   Thumb Code   220  system_lpc407x_8x_177x_8x.o(i.SystemInit)
    TIMER2_IRQHandler                        0x0000023d   Thumb Code    42  ultrasonic.o(i.TIMER2_IRQHandler)
    TIMER3_IRQHandler                        0x00000271   Thumb Code    60  timer.o(i.TIMER3_IRQHandler)
    Ultrasonic_Start_Trigger_Timer           0x000002bd   Thumb Code     2  ultrasonic.o(i.Ultrasonic_Start_Trigger_Timer)
    __scatterload_copy                       0x000002bf   Thumb Code    14  handlers.o(i.__scatterload_copy)
    __scatterload_null                       0x000002cd   Thumb Code     2  handlers.o(i.__scatterload_null)
    __scatterload_zeroinit                   0x000002cf   Thumb Code    14  handlers.o(i.__scatterload_zeroinit)
    main                                     0x000002dd   Thumb Code    26  main.o(i.main)
    SystemCoreClockUpdate                    0x00000301   Thumb Code   696  system_lpc407x_8x_177x_8x.o(i.SystemCoreClockUpdate)
    Ultrasonic_Capture_Timer_Init            0x000005d5   Thumb Code    92  timer.o(i.Ultrasonic_Capture_Timer_Init)
    Ultrasonic_Init                          0x00000639   Thumb Code    64  ultrasonic.o(i.Ultrasonic_Init)
    Ultrasonic_Trigger_Timer_Init            0x0000067d   Thumb Code    68  ultrasonic.o(i.Ultrasonic_Trigger_Timer_Init)
    fpu_init                                 0x000006c9   Thumb Code    62  system_lpc407x_8x_177x_8x.o(i.fpu_init)
    init                                     0x00000719   Thumb Code    52  main.o(i.init)
    update                                   0x0000074d   Thumb Code     2  main.o(i.update)
    Region$$Table$$Base                      0x00000750   Number         0  anon$$obj.o(Region$$Table)
    Region$$Table$$Limit                     0x00000770   Number         0  anon$$obj.o(Region$$Table)
    ultrasonicSensorDuration                 0x10000000   Data           4  ultrasonic.o(.data)
    ultrasonicSensorDistance                 0x10000004   Data           4  ultrasonic.o(.data)
    ultrasonicSensorNewDataAvailable         0x10000008   Data           1  ultrasonic.o(.data)
    ultrasonicSensorTriggerStart             0x10000009   Data           1  ultrasonic.o(.data)
    ultrasonicSensorCaptureRisingEdge        0x1000000a   Data           1  ultrasonic.o(.data)
    SystemCoreClock                          0x1000000c   Data           4  system_lpc407x_8x_177x_8x.o(.data)
    PeripheralClock                          0x10000010   Data           4  system_lpc407x_8x_177x_8x.o(.data)
    EMCClock                                 0x10000014   Data           4  system_lpc407x_8x_177x_8x.o(.data)
    USBClock                                 0x10000018   Data           4  system_lpc407x_8x_177x_8x.o(.data)
    __initial_sp                             0x10000420   Data           0  startup_lpc407x_8x_177x_8x.o(STACK)



==============================================================================

Memory Map of the image

  Image Entry point : 0x000000f9

  Load Region LR_1 (Base: 0x00000000, Size: 0x0000078c, Max: 0xffffffff, ABSOLUTE)

    Execution Region ER_RO (Base: 0x00000000, Size: 0x00000770, Max: 0xffffffff, ABSOLUTE)

    Base Addr    Size         Type   Attr      Idx    E Section Name        Object

    0x00000000   0x000000e4   Data   RO          311    RESET               startup_lpc407x_8x_177x_8x.o
    0x000000e4   0x00000000   Code   RO          361  * .ARM.Collect$$$$00000000  mc_w.l(entry.o)
    0x000000e4   0x00000004   Code   RO          364    .ARM.Collect$$$$00000001  mc_w.l(entry2.o)
    0x000000e8   0x00000004   Code   RO          367    .ARM.Collect$$$$00000004  mc_w.l(entry5.o)
    0x000000ec   0x00000000   Code   RO          369    .ARM.Collect$$$$00000008  mc_w.l(entry7b.o)
    0x000000ec   0x00000000   Code   RO          371    .ARM.Collect$$$$0000000A  mc_w.l(entry8b.o)
    0x000000ec   0x00000008   Code   RO          372    .ARM.Collect$$$$0000000B  mc_w.l(entry9a.o)
    0x000000f4   0x00000000   Code   RO          374    .ARM.Collect$$$$0000000D  mc_w.l(entry10a.o)
    0x000000f4   0x00000000   Code   RO          376    .ARM.Collect$$$$0000000F  mc_w.l(entry11a.o)
    0x000000f4   0x00000004   Code   RO          365    .ARM.Collect$$$$00002712  mc_w.l(entry2.o)
    0x000000f8   0x00000024   Code   RO          313  * .text               startup_lpc407x_8x_177x_8x.o
    0x0000011c   0x00000024   Code   RO          378    .text               mc_w.l(init.o)
    0x00000140   0x00000002   Code   RO           84    i.LED1_Init         gpio.o
    0x00000142   0x00000002   Code   RO           85    i.LED1_Off          gpio.o
    0x00000144   0x00000002   Code   RO           87    i.LED2_Init         gpio.o
    0x00000146   0x00000002   Code   RO           88    i.LED2_Off          gpio.o
    0x00000148   0x00000002   Code   RO           90    i.LED3_Init         gpio.o
    0x0000014a   0x00000002   Code   RO           91    i.LED3_Off          gpio.o
    0x0000014c   0x00000002   Code   RO           93    i.LED4_Init         gpio.o
    0x0000014e   0x00000002   Code   RO           94    i.LED4_Off          gpio.o
    0x00000150   0x000000ec   Code   RO          323    i.SystemInit        system_lpc407x_8x_177x_8x.o
    0x0000023c   0x00000034   Code   RO          220    i.TIMER2_IRQHandler  ultrasonic.o
    0x00000270   0x0000004c   Code   RO          274    i.TIMER3_IRQHandler  timer.o
    0x000002bc   0x00000002   Code   RO          222    i.Ultrasonic_Start_Trigger_Timer  ultrasonic.o
    0x000002be   0x0000000e   Code   RO          382    i.__scatterload_copy  mc_w.l(handlers.o)
    0x000002cc   0x00000002   Code   RO          383    i.__scatterload_null  mc_w.l(handlers.o)
    0x000002ce   0x0000000e   Code   RO          384    i.__scatterload_zeroinit  mc_w.l(handlers.o)
    0x000002dc   0x00000020   Code   RO            5    i.main              main.o
    0x000002fc   0x00000004   Code   RO          312    .ARM.__at_0x02FC    startup_lpc407x_8x_177x_8x.o
    0x00000300   0x000002d4   Code   RO          322    i.SystemCoreClockUpdate  system_lpc407x_8x_177x_8x.o
    0x000005d4   0x00000064   Code   RO          275    i.Ultrasonic_Capture_Timer_Init  timer.o
    0x00000638   0x00000044   Code   RO          221    i.Ultrasonic_Init   ultrasonic.o
    0x0000067c   0x0000004c   Code   RO          223    i.Ultrasonic_Trigger_Timer_Init  ultrasonic.o
    0x000006c8   0x00000050   Code   RO          324    i.fpu_init          system_lpc407x_8x_177x_8x.o
    0x00000718   0x00000034   Code   RO            4    i.init              main.o
    0x0000074c   0x00000002   Code   RO            6    i.update            main.o
    0x0000074e   0x00000002   PAD
    0x00000750   0x00000020   Data   RO          380    Region$$Table       anon$$obj.o


    Execution Region ER_RW (Base: 0x10000000, Size: 0x0000001c, Max: 0xffffffff, ABSOLUTE)

    Base Addr    Size         Type   Attr      Idx    E Section Name        Object

    0x10000000   0x0000000b   Data   RW          224    .data               ultrasonic.o
    0x1000000b   0x00000001   PAD
    0x1000000c   0x00000010   Data   RW          325    .data               system_lpc407x_8x_177x_8x.o


    Execution Region ER_ZI (Base: 0x1000001c, Size: 0x00000404, Max: 0xffffffff, ABSOLUTE)

    Base Addr    Size         Type   Attr      Idx    E Section Name        Object

    0x1000001c   0x00000004   PAD
    0x10000020   0x00000400   Zero   RW          309    STACK               startup_lpc407x_8x_177x_8x.o


==============================================================================

Image component sizes


      Code (inc. data)   RO Data    RW Data    ZI Data      Debug   Object Name

        16          0          0          0          0       3308   gpio.o
        86          6          0          0          0      28087   main.o
        40         12        228          0       1024       1072   startup_lpc407x_8x_177x_8x.o
      1040         62          0         16          0       4508   system_lpc407x_8x_177x_8x.o
       176         24          0          0          0      27703   timer.o
       198         22          0         11          0       2435   ultrasonic.o

    ----------------------------------------------------------------------
      1558        126        260         28       1028      67113   Object Totals
         0          0         32          0          0          0   (incl. Generated)
         2          0          0          1          4          0   (incl. Padding)

    ----------------------------------------------------------------------

      Code (inc. data)   RO Data    RW Data    ZI Data      Debug   Library Member Name

         0          0          0          0          0          0   entry.o
         0          0          0          0          0          0   entry10a.o
         0          0          0          0          0          0   entry11a.o
         8          4          0          0          0          0   entry2.o
         4          0          0          0          0          0   entry5.o
         0          0          0          0          0          0   entry7b.o
         0          0          0          0          0          0   entry8b.o
         8          4          0          0          0          0   entry9a.o
        30          0          0          0          0          0   handlers.o
        36          8          0          0          0         68   init.o

    ----------------------------------------------------------------------
        86         16          0          0          0         68   Library Totals
         0          0          0          0          0          0   (incl. Padding)

    ----------------------------------------------------------------------

      Code (inc. data)   RO Data    RW Data    ZI Data      Debug   Library Name

        86         16          0          0          0         68   mc_w.l

    ----------------------------------------------------------------------
        86         16          0          0          0         68   Library Totals

    ----------------------------------------------------------------------

==============================================================================


      Code (inc. data)   RO Data    RW Data    ZI Data      Debug   

      1644        142        260         28       1028      65885   Grand Totals
      1644        142        260         28       1028      65885   ELF Image Totals
      1644        142        260         28          0          0   ROM Totals

==============================================================================

    Total RO  Size (Code + RO Data)                 1904 (   1.86kB)
    Total RW  Size (RW Data + ZI Data)              1056 (   1.03kB)
    Total ROM Size (Code + RO Data + RW Data)       1932 (   1.89kB)

==============================================================================

